// Jest Snapshot v1, https://goo.gl/fbAQLP

exports[`MyComponent should render correctly in "debug" mode 1`] = `
ShallowWrapper {
  Symbol(enzyme.__root__): [Circular],
  Symbol(enzyme.__unrendered__): <Table
    debug={true}
/>,
  Symbol(enzyme.__renderer__): Object {
    "batchedUpdates": [Function],
    "checkPropTypes": [Function],
    "getNode": [Function],
    "render": [Function],
    "simulateError": [Function],
    "simulateEvent": [Function],
    "unmount": [Function],
  },
  Symbol(enzyme.__node__): Object {
    "instance": null,
    "key": undefined,
    "nodeType": "host",
    "props": Object {
      "children": Array [
        " Please upload details here :",
        <input
          onChange={[Function]}
          style={
                    Object {
                              "padding": "10px",
                            }
          }
          type="file"
/>,
        false,
      ],
    },
    "ref": null,
    "rendered": Array [
      " Please upload details here :",
      Object {
        "instance": null,
        "key": undefined,
        "nodeType": "host",
        "props": Object {
          "onChange": [Function],
          "style": Object {
            "padding": "10px",
          },
          "type": "file",
        },
        "ref": null,
        "rendered": null,
        "type": "input",
      },
      false,
    ],
    "type": "div",
  },
  Symbol(enzyme.__nodes__): Array [
    Object {
      "instance": null,
      "key": undefined,
      "nodeType": "host",
      "props": Object {
        "children": Array [
          " Please upload details here :",
          <input
            onChange={[Function]}
            style={
                        Object {
                                    "padding": "10px",
                                  }
            }
            type="file"
/>,
          false,
        ],
      },
      "ref": null,
      "rendered": Array [
        " Please upload details here :",
        Object {
          "instance": null,
          "key": undefined,
          "nodeType": "host",
          "props": Object {
            "onChange": [Function],
            "style": Object {
              "padding": "10px",
            },
            "type": "file",
          },
          "ref": null,
          "rendered": null,
          "type": "input",
        },
        false,
      ],
      "type": "div",
    },
  ],
  Symbol(enzyme.__options__): Object {
    "adapter": ReactSixteenAdapter {
      "options": Object {
        "enableComponentDidUpdateOnSetState": true,
        "legacyContextMode": "parent",
        "lifecycles": Object {
          "componentDidUpdate": Object {
            "onSetState": true,
          },
          "getChildContext": Object {
            "calledByRenderer": false,
          },
          "getDerivedStateFromError": false,
          "getDerivedStateFromProps": Object {
            "hasShouldComponentUpdateBug": false,
          },
          "getSnapshotBeforeUpdate": true,
          "setState": Object {
            "skipsComponentDidUpdateOnNullish": true,
          },
        },
      },
    },
  },
  Symbol(enzyme.__childContext__): null,
}
`;

exports[`MyComponent should render correctly in "debug" mode 2`] = `
ReactWrapper {
  Symbol(enzyme.__unrendered__): <Table />,
  Symbol(enzyme.__renderer__): Object {
    "batchedUpdates": [Function],
    "getNode": [Function],
    "getWrappingComponentRenderer": [Function],
    "render": [Function],
    "simulateError": [Function],
    "simulateEvent": [Function],
    "unmount": [Function],
  },
  Symbol(enzyme.__root__): [Circular],
  Symbol(enzyme.__node__): Object {
    "instance": Table {
      "_reactInternalFiber": FiberNode {
        "_debugID": 54,
        "_debugIsCurrentlyTiming": false,
        "_debugOwner": FiberNode {
          "_debugID": 53,
          "_debugIsCurrentlyTiming": false,
          "_debugOwner": null,
          "_debugSource": null,
          "alternate": null,
          "child": [Circular],
          "effectTag": 1,
          "expirationTime": 0,
          "firstEffect": null,
          "index": 0,
          "key": null,
          "lastEffect": null,
          "memoizedProps": Object {
            "Component": [Function],
            "context": null,
            "props": Object {},
            "wrappingComponentProps": null,
          },
          "memoizedState": Object {
            "context": null,
            "mount": true,
            "props": Object {},
            "wrappingComponentProps": null,
          },
          "mode": 0,
          "nextEffect": null,
          "pendingProps": Object {
            "Component": [Function],
            "context": null,
            "props": Object {},
            "wrappingComponentProps": null,
          },
          "ref": null,
          "return": FiberNode {
            "_debugID": 51,
            "_debugIsCurrentlyTiming": false,
            "_debugOwner": null,
            "_debugSource": null,
            "alternate": FiberNode {
              "_debugID": 51,
              "_debugIsCurrentlyTiming": false,
              "_debugOwner": null,
              "_debugSource": null,
              "alternate": [Circular],
              "child": null,
              "effectTag": 0,
              "expirationTime": 1,
              "firstEffect": null,
              "index": 0,
              "key": null,
              "lastEffect": null,
              "memoizedProps": null,
              "memoizedState": null,
              "mode": 0,
              "nextEffect": null,
              "pendingProps": null,
              "ref": null,
              "return": null,
              "selfBaseTime": 0,
              "sibling": null,
              "stateNode": Object {
                "containerInfo": <div>
                  <div>
                                    Please upload details here :
                                    <input
                                                      type="file"
                                                      style="padding: 10px;"
                                    />
                  </div>
</div>,
                "context": Object {},
                "current": [Circular],
                "earliestPendingTime": 0,
                "earliestSuspendedTime": 0,
                "finishedWork": null,
                "firstBatch": null,
                "hydrate": false,
                "latestPendingTime": 0,
                "latestPingedTime": 0,
                "latestSuspendedTime": 0,
                "nextScheduledRoot": null,
                "pendingChildren": null,
                "pendingCommitExpirationTime": 0,
                "pendingContext": null,
                "remainingExpirationTime": 0,
              },
              "tag": 3,
              "treeBaseTime": 0,
              "type": null,
              "updateQueue": Object {
                "baseState": null,
                "expirationTime": 1,
                "firstCapturedEffect": null,
                "firstCapturedUpdate": null,
                "firstEffect": null,
                "firstUpdate": Object {
                  "callback": null,
                  "expirationTime": 1,
                  "next": null,
                  "nextEffect": null,
                  "payload": Object {
                    "element": <WrapperComponent
                      Component={[Function]}
                      context={null}
                      props={Object {}}
                      wrappingComponentProps={null}
/>,
                  },
                  "tag": 0,
                },
                "lastCapturedEffect": null,
                "lastCapturedUpdate": null,
                "lastEffect": null,
                "lastUpdate": Object {
                  "callback": null,
                  "expirationTime": 1,
                  "next": null,
                  "nextEffect": null,
                  "payload": Object {
                    "element": <WrapperComponent
                      Component={[Function]}
                      context={null}
                      props={Object {}}
                      wrappingComponentProps={null}
/>,
                  },
                  "tag": 0,
                },
              },
            },
            "child": [Circular],
            "effectTag": 32,
            "expirationTime": 0,
            "firstEffect": [Circular],
            "index": 0,
            "key": null,
            "lastEffect": [Circular],
            "memoizedProps": null,
            "memoizedState": Object {
              "element": <WrapperComponent
                Component={[Function]}
                context={null}
                props={Object {}}
                wrappingComponentProps={null}
/>,
            },
            "mode": 0,
            "nextEffect": null,
            "pendingProps": null,
            "ref": null,
            "return": null,
            "selfBaseTime": 0,
            "sibling": null,
            "stateNode": Object {
              "containerInfo": <div>
                <div>
                                Please upload details here :
                                <input
                                                type="file"
                                                style="padding: 10px;"
                                />
                </div>
</div>,
              "context": Object {},
              "current": [Circular],
              "earliestPendingTime": 0,
              "earliestSuspendedTime": 0,
              "finishedWork": null,
              "firstBatch": null,
              "hydrate": false,
              "latestPendingTime": 0,
              "latestPingedTime": 0,
              "latestSuspendedTime": 0,
              "nextScheduledRoot": null,
              "pendingChildren": null,
              "pendingCommitExpirationTime": 0,
              "pendingContext": null,
              "remainingExpirationTime": 0,
            },
            "tag": 3,
            "treeBaseTime": 0,
            "type": null,
            "updateQueue": Object {
              "baseState": Object {
                "element": <WrapperComponent
                  Component={[Function]}
                  context={null}
                  props={Object {}}
                  wrappingComponentProps={null}
/>,
              },
              "expirationTime": 0,
              "firstCapturedEffect": null,
              "firstCapturedUpdate": null,
              "firstEffect": null,
              "firstUpdate": null,
              "lastCapturedEffect": null,
              "lastCapturedUpdate": null,
              "lastEffect": null,
              "lastUpdate": null,
            },
          },
          "selfBaseTime": 0,
          "sibling": null,
          "stateNode": WrapperComponent {
            "_reactInternalFiber": [Circular],
            "_reactInternalInstance": Object {},
            "context": Object {},
            "props": Object {
              "Component": [Function],
              "context": null,
              "props": Object {},
              "wrappingComponentProps": null,
            },
            "refs": Object {},
            "rootFinderInstance": null,
            "state": Object {
              "context": null,
              "mount": true,
              "props": Object {},
              "wrappingComponentProps": null,
            },
            "updater": Object {
              "enqueueForceUpdate": [Function],
              "enqueueReplaceState": [Function],
              "enqueueSetState": [Function],
              "isMounted": [Function],
            },
          },
          "tag": 2,
          "treeBaseTime": 0,
          "type": [Function],
          "updateQueue": null,
        },
        "_debugSource": null,
        "alternate": null,
        "child": FiberNode {
          "_debugID": 55,
          "_debugIsCurrentlyTiming": false,
          "_debugOwner": [Circular],
          "_debugSource": Object {
            "fileName": "F:\\\\myPRoject\\\\my-react-app\\\\src\\\\components\\\\Table.js",
            "lineNumber": 87,
          },
          "alternate": null,
          "child": FiberNode {
            "_debugID": 56,
            "_debugIsCurrentlyTiming": false,
            "_debugOwner": null,
            "_debugSource": null,
            "alternate": null,
            "child": null,
            "effectTag": 0,
            "expirationTime": 0,
            "firstEffect": null,
            "index": 0,
            "key": null,
            "lastEffect": null,
            "memoizedProps": " Please upload details here :",
            "memoizedState": null,
            "mode": 0,
            "nextEffect": null,
            "pendingProps": " Please upload details here :",
            "ref": null,
            "return": [Circular],
            "selfBaseTime": 0,
            "sibling": FiberNode {
              "_debugID": 57,
              "_debugIsCurrentlyTiming": false,
              "_debugOwner": [Circular],
              "_debugSource": Object {
                "fileName": "F:\\\\myPRoject\\\\my-react-app\\\\src\\\\components\\\\Table.js",
                "lineNumber": 88,
              },
              "alternate": null,
              "child": null,
              "effectTag": 0,
              "expirationTime": 0,
              "firstEffect": null,
              "index": 1,
              "key": null,
              "lastEffect": null,
              "memoizedProps": Object {
                "onChange": [Function],
                "style": Object {
                  "padding": "10px",
                },
                "type": "file",
              },
              "memoizedState": null,
              "mode": 0,
              "nextEffect": null,
              "pendingProps": Object {
                "onChange": [Function],
                "style": Object {
                  "padding": "10px",
                },
                "type": "file",
              },
              "ref": null,
              "return": [Circular],
              "selfBaseTime": 0,
              "sibling": null,
              "stateNode": <input
                type="file"
                style="padding: 10px;"
/>,
              "tag": 5,
              "treeBaseTime": 0,
              "type": "input",
              "updateQueue": null,
            },
            "stateNode": Please upload details here :,
            "tag": 6,
            "treeBaseTime": 0,
            "type": null,
            "updateQueue": null,
          },
          "effectTag": 0,
          "expirationTime": 0,
          "firstEffect": null,
          "index": 0,
          "key": null,
          "lastEffect": null,
          "memoizedProps": Object {
            "children": Array [
              " Please upload details here :",
              <input
                onChange={[Function]}
                style={
                                Object {
                                                "padding": "10px",
                                              }
                }
                type="file"
/>,
              false,
            ],
          },
          "memoizedState": null,
          "mode": 0,
          "nextEffect": null,
          "pendingProps": Object {
            "children": Array [
              " Please upload details here :",
              <input
                onChange={[Function]}
                style={
                                Object {
                                                "padding": "10px",
                                              }
                }
                type="file"
/>,
              false,
            ],
          },
          "ref": null,
          "return": [Circular],
          "selfBaseTime": 0,
          "sibling": null,
          "stateNode": <div>
            Please upload details here :
            <input
                        type="file"
                        style="padding: 10px;"
            />
</div>,
          "tag": 5,
          "treeBaseTime": 0,
          "type": "div",
          "updateQueue": null,
        },
        "effectTag": 1,
        "expirationTime": 0,
        "firstEffect": null,
        "index": 0,
        "key": null,
        "lastEffect": null,
        "memoizedProps": Object {},
        "memoizedState": Object {
          "cols": null,
          "empName": "",
          "rows": null,
          "showTable": false,
        },
        "mode": 0,
        "nextEffect": null,
        "pendingProps": Object {},
        "ref": null,
        "return": FiberNode {
          "_debugID": 53,
          "_debugIsCurrentlyTiming": false,
          "_debugOwner": null,
          "_debugSource": null,
          "alternate": null,
          "child": [Circular],
          "effectTag": 1,
          "expirationTime": 0,
          "firstEffect": null,
          "index": 0,
          "key": null,
          "lastEffect": null,
          "memoizedProps": Object {
            "Component": [Function],
            "context": null,
            "props": Object {},
            "wrappingComponentProps": null,
          },
          "memoizedState": Object {
            "context": null,
            "mount": true,
            "props": Object {},
            "wrappingComponentProps": null,
          },
          "mode": 0,
          "nextEffect": null,
          "pendingProps": Object {
            "Component": [Function],
            "context": null,
            "props": Object {},
            "wrappingComponentProps": null,
          },
          "ref": null,
          "return": FiberNode {
            "_debugID": 51,
            "_debugIsCurrentlyTiming": false,
            "_debugOwner": null,
            "_debugSource": null,
            "alternate": FiberNode {
              "_debugID": 51,
              "_debugIsCurrentlyTiming": false,
              "_debugOwner": null,
              "_debugSource": null,
              "alternate": [Circular],
              "child": null,
              "effectTag": 0,
              "expirationTime": 1,
              "firstEffect": null,
              "index": 0,
              "key": null,
              "lastEffect": null,
              "memoizedProps": null,
              "memoizedState": null,
              "mode": 0,
              "nextEffect": null,
              "pendingProps": null,
              "ref": null,
              "return": null,
              "selfBaseTime": 0,
              "sibling": null,
              "stateNode": Object {
                "containerInfo": <div>
                  <div>
                                    Please upload details here :
                                    <input
                                                      type="file"
                                                      style="padding: 10px;"
                                    />
                  </div>
</div>,
                "context": Object {},
                "current": [Circular],
                "earliestPendingTime": 0,
                "earliestSuspendedTime": 0,
                "finishedWork": null,
                "firstBatch": null,
                "hydrate": false,
                "latestPendingTime": 0,
                "latestPingedTime": 0,
                "latestSuspendedTime": 0,
                "nextScheduledRoot": null,
                "pendingChildren": null,
                "pendingCommitExpirationTime": 0,
                "pendingContext": null,
                "remainingExpirationTime": 0,
              },
              "tag": 3,
              "treeBaseTime": 0,
              "type": null,
              "updateQueue": Object {
                "baseState": null,
                "expirationTime": 1,
                "firstCapturedEffect": null,
                "firstCapturedUpdate": null,
                "firstEffect": null,
                "firstUpdate": Object {
                  "callback": null,
                  "expirationTime": 1,
                  "next": null,
                  "nextEffect": null,
                  "payload": Object {
                    "element": <WrapperComponent
                      Component={[Function]}
                      context={null}
                      props={Object {}}
                      wrappingComponentProps={null}
/>,
                  },
                  "tag": 0,
                },
                "lastCapturedEffect": null,
                "lastCapturedUpdate": null,
                "lastEffect": null,
                "lastUpdate": Object {
                  "callback": null,
                  "expirationTime": 1,
                  "next": null,
                  "nextEffect": null,
                  "payload": Object {
                    "element": <WrapperComponent
                      Component={[Function]}
                      context={null}
                      props={Object {}}
                      wrappingComponentProps={null}
/>,
                  },
                  "tag": 0,
                },
              },
            },
            "child": [Circular],
            "effectTag": 32,
            "expirationTime": 0,
            "firstEffect": [Circular],
            "index": 0,
            "key": null,
            "lastEffect": [Circular],
            "memoizedProps": null,
            "memoizedState": Object {
              "element": <WrapperComponent
                Component={[Function]}
                context={null}
                props={Object {}}
                wrappingComponentProps={null}
/>,
            },
            "mode": 0,
            "nextEffect": null,
            "pendingProps": null,
            "ref": null,
            "return": null,
            "selfBaseTime": 0,
            "sibling": null,
            "stateNode": Object {
              "containerInfo": <div>
                <div>
                                Please upload details here :
                                <input
                                                type="file"
                                                style="padding: 10px;"
                                />
                </div>
</div>,
              "context": Object {},
              "current": [Circular],
              "earliestPendingTime": 0,
              "earliestSuspendedTime": 0,
              "finishedWork": null,
              "firstBatch": null,
              "hydrate": false,
              "latestPendingTime": 0,
              "latestPingedTime": 0,
              "latestSuspendedTime": 0,
              "nextScheduledRoot": null,
              "pendingChildren": null,
              "pendingCommitExpirationTime": 0,
              "pendingContext": null,
              "remainingExpirationTime": 0,
            },
            "tag": 3,
            "treeBaseTime": 0,
            "type": null,
            "updateQueue": Object {
              "baseState": Object {
                "element": <WrapperComponent
                  Component={[Function]}
                  context={null}
                  props={Object {}}
                  wrappingComponentProps={null}
/>,
              },
              "expirationTime": 0,
              "firstCapturedEffect": null,
              "firstCapturedUpdate": null,
              "firstEffect": null,
              "firstUpdate": null,
              "lastCapturedEffect": null,
              "lastCapturedUpdate": null,
              "lastEffect": null,
              "lastUpdate": null,
            },
          },
          "selfBaseTime": 0,
          "sibling": null,
          "stateNode": WrapperComponent {
            "_reactInternalFiber": [Circular],
            "_reactInternalInstance": Object {},
            "context": Object {},
            "props": Object {
              "Component": [Function],
              "context": null,
              "props": Object {},
              "wrappingComponentProps": null,
            },
            "refs": Object {},
            "rootFinderInstance": null,
            "state": Object {
              "context": null,
              "mount": true,
              "props": Object {},
              "wrappingComponentProps": null,
            },
            "updater": Object {
              "enqueueForceUpdate": [Function],
              "enqueueReplaceState": [Function],
              "enqueueSetState": [Function],
              "isMounted": [Function],
            },
          },
          "tag": 2,
          "treeBaseTime": 0,
          "type": [Function],
          "updateQueue": null,
        },
        "selfBaseTime": 0,
        "sibling": null,
        "stateNode": [Circular],
        "tag": 2,
        "treeBaseTime": 0,
        "type": [Function],
        "updateQueue": null,
      },
      "_reactInternalInstance": Object {},
      "context": Object {},
      "fileHandler": [Function],
      "getEmpData": [Function],
      "props": Object {},
      "refs": Object {},
      "sortBy": [Function],
      "state": Object {
        "cols": null,
        "empName": "",
        "rows": null,
        "showTable": false,
      },
      "updater": Object {
        "enqueueForceUpdate": [Function],
        "enqueueReplaceState": [Function],
        "enqueueSetState": [Function],
        "isMounted": [Function],
      },
    },
    "key": undefined,
    "nodeType": "class",
    "props": Object {},
    "ref": null,
    "rendered": Object {
      "instance": <div>
        Please upload details here :
        <input
                type="file"
                style="padding: 10px;"
        />
</div>,
      "key": undefined,
      "nodeType": "host",
      "props": Object {
        "children": Array [
          " Please upload details here :",
          <input
            onChange={[Function]}
            style={
                        Object {
                                    "padding": "10px",
                                  }
            }
            type="file"
/>,
          false,
        ],
      },
      "ref": null,
      "rendered": Array [
        " Please upload details here :",
        Object {
          "instance": <input
            type="file"
            style="padding: 10px;"
/>,
          "key": undefined,
          "nodeType": "host",
          "props": Object {
            "onChange": [Function],
            "style": Object {
              "padding": "10px",
            },
            "type": "file",
          },
          "ref": null,
          "rendered": Array [
            undefined,
          ],
          "type": "input",
        },
      ],
      "type": "div",
    },
    "type": [Function],
  },
  Symbol(enzyme.__nodes__): Array [
    Object {
      "instance": Table {
        "_reactInternalFiber": FiberNode {
          "_debugID": 54,
          "_debugIsCurrentlyTiming": false,
          "_debugOwner": FiberNode {
            "_debugID": 53,
            "_debugIsCurrentlyTiming": false,
            "_debugOwner": null,
            "_debugSource": null,
            "alternate": null,
            "child": [Circular],
            "effectTag": 1,
            "expirationTime": 0,
            "firstEffect": null,
            "index": 0,
            "key": null,
            "lastEffect": null,
            "memoizedProps": Object {
              "Component": [Function],
              "context": null,
              "props": Object {},
              "wrappingComponentProps": null,
            },
            "memoizedState": Object {
              "context": null,
              "mount": true,
              "props": Object {},
              "wrappingComponentProps": null,
            },
            "mode": 0,
            "nextEffect": null,
            "pendingProps": Object {
              "Component": [Function],
              "context": null,
              "props": Object {},
              "wrappingComponentProps": null,
            },
            "ref": null,
            "return": FiberNode {
              "_debugID": 51,
              "_debugIsCurrentlyTiming": false,
              "_debugOwner": null,
              "_debugSource": null,
              "alternate": FiberNode {
                "_debugID": 51,
                "_debugIsCurrentlyTiming": false,
                "_debugOwner": null,
                "_debugSource": null,
                "alternate": [Circular],
                "child": null,
                "effectTag": 0,
                "expirationTime": 1,
                "firstEffect": null,
                "index": 0,
                "key": null,
                "lastEffect": null,
                "memoizedProps": null,
                "memoizedState": null,
                "mode": 0,
                "nextEffect": null,
                "pendingProps": null,
                "ref": null,
                "return": null,
                "selfBaseTime": 0,
                "sibling": null,
                "stateNode": Object {
                  "containerInfo": <div>
                    <div>
                                        Please upload details here :
                                        <input
                                                            type="file"
                                                            style="padding: 10px;"
                                        />
                    </div>
</div>,
                  "context": Object {},
                  "current": [Circular],
                  "earliestPendingTime": 0,
                  "earliestSuspendedTime": 0,
                  "finishedWork": null,
                  "firstBatch": null,
                  "hydrate": false,
                  "latestPendingTime": 0,
                  "latestPingedTime": 0,
                  "latestSuspendedTime": 0,
                  "nextScheduledRoot": null,
                  "pendingChildren": null,
                  "pendingCommitExpirationTime": 0,
                  "pendingContext": null,
                  "remainingExpirationTime": 0,
                },
                "tag": 3,
                "treeBaseTime": 0,
                "type": null,
                "updateQueue": Object {
                  "baseState": null,
                  "expirationTime": 1,
                  "firstCapturedEffect": null,
                  "firstCapturedUpdate": null,
                  "firstEffect": null,
                  "firstUpdate": Object {
                    "callback": null,
                    "expirationTime": 1,
                    "next": null,
                    "nextEffect": null,
                    "payload": Object {
                      "element": <WrapperComponent
                        Component={[Function]}
                        context={null}
                        props={Object {}}
                        wrappingComponentProps={null}
/>,
                    },
                    "tag": 0,
                  },
                  "lastCapturedEffect": null,
                  "lastCapturedUpdate": null,
                  "lastEffect": null,
                  "lastUpdate": Object {
                    "callback": null,
                    "expirationTime": 1,
                    "next": null,
                    "nextEffect": null,
                    "payload": Object {
                      "element": <WrapperComponent
                        Component={[Function]}
                        context={null}
                        props={Object {}}
                        wrappingComponentProps={null}
/>,
                    },
                    "tag": 0,
                  },
                },
              },
              "child": [Circular],
              "effectTag": 32,
              "expirationTime": 0,
              "firstEffect": [Circular],
              "index": 0,
              "key": null,
              "lastEffect": [Circular],
              "memoizedProps": null,
              "memoizedState": Object {
                "element": <WrapperComponent
                  Component={[Function]}
                  context={null}
                  props={Object {}}
                  wrappingComponentProps={null}
/>,
              },
              "mode": 0,
              "nextEffect": null,
              "pendingProps": null,
              "ref": null,
              "return": null,
              "selfBaseTime": 0,
              "sibling": null,
              "stateNode": Object {
                "containerInfo": <div>
                  <div>
                                    Please upload details here :
                                    <input
                                                      type="file"
                                                      style="padding: 10px;"
                                    />
                  </div>
</div>,
                "context": Object {},
                "current": [Circular],
                "earliestPendingTime": 0,
                "earliestSuspendedTime": 0,
                "finishedWork": null,
                "firstBatch": null,
                "hydrate": false,
                "latestPendingTime": 0,
                "latestPingedTime": 0,
                "latestSuspendedTime": 0,
                "nextScheduledRoot": null,
                "pendingChildren": null,
                "pendingCommitExpirationTime": 0,
                "pendingContext": null,
                "remainingExpirationTime": 0,
              },
              "tag": 3,
              "treeBaseTime": 0,
              "type": null,
              "updateQueue": Object {
                "baseState": Object {
                  "element": <WrapperComponent
                    Component={[Function]}
                    context={null}
                    props={Object {}}
                    wrappingComponentProps={null}
/>,
                },
                "expirationTime": 0,
                "firstCapturedEffect": null,
                "firstCapturedUpdate": null,
                "firstEffect": null,
                "firstUpdate": null,
                "lastCapturedEffect": null,
                "lastCapturedUpdate": null,
                "lastEffect": null,
                "lastUpdate": null,
              },
            },
            "selfBaseTime": 0,
            "sibling": null,
            "stateNode": WrapperComponent {
              "_reactInternalFiber": [Circular],
              "_reactInternalInstance": Object {},
              "context": Object {},
              "props": Object {
                "Component": [Function],
                "context": null,
                "props": Object {},
                "wrappingComponentProps": null,
              },
              "refs": Object {},
              "rootFinderInstance": null,
              "state": Object {
                "context": null,
                "mount": true,
                "props": Object {},
                "wrappingComponentProps": null,
              },
              "updater": Object {
                "enqueueForceUpdate": [Function],
                "enqueueReplaceState": [Function],
                "enqueueSetState": [Function],
                "isMounted": [Function],
              },
            },
            "tag": 2,
            "treeBaseTime": 0,
            "type": [Function],
            "updateQueue": null,
          },
          "_debugSource": null,
          "alternate": null,
          "child": FiberNode {
            "_debugID": 55,
            "_debugIsCurrentlyTiming": false,
            "_debugOwner": [Circular],
            "_debugSource": Object {
              "fileName": "F:\\\\myPRoject\\\\my-react-app\\\\src\\\\components\\\\Table.js",
              "lineNumber": 87,
            },
            "alternate": null,
            "child": FiberNode {
              "_debugID": 56,
              "_debugIsCurrentlyTiming": false,
              "_debugOwner": null,
              "_debugSource": null,
              "alternate": null,
              "child": null,
              "effectTag": 0,
              "expirationTime": 0,
              "firstEffect": null,
              "index": 0,
              "key": null,
              "lastEffect": null,
              "memoizedProps": " Please upload details here :",
              "memoizedState": null,
              "mode": 0,
              "nextEffect": null,
              "pendingProps": " Please upload details here :",
              "ref": null,
              "return": [Circular],
              "selfBaseTime": 0,
              "sibling": FiberNode {
                "_debugID": 57,
                "_debugIsCurrentlyTiming": false,
                "_debugOwner": [Circular],
                "_debugSource": Object {
                  "fileName": "F:\\\\myPRoject\\\\my-react-app\\\\src\\\\components\\\\Table.js",
                  "lineNumber": 88,
                },
                "alternate": null,
                "child": null,
                "effectTag": 0,
                "expirationTime": 0,
                "firstEffect": null,
                "index": 1,
                "key": null,
                "lastEffect": null,
                "memoizedProps": Object {
                  "onChange": [Function],
                  "style": Object {
                    "padding": "10px",
                  },
                  "type": "file",
                },
                "memoizedState": null,
                "mode": 0,
                "nextEffect": null,
                "pendingProps": Object {
                  "onChange": [Function],
                  "style": Object {
                    "padding": "10px",
                  },
                  "type": "file",
                },
                "ref": null,
                "return": [Circular],
                "selfBaseTime": 0,
                "sibling": null,
                "stateNode": <input
                  type="file"
                  style="padding: 10px;"
/>,
                "tag": 5,
                "treeBaseTime": 0,
                "type": "input",
                "updateQueue": null,
              },
              "stateNode": Please upload details here :,
              "tag": 6,
              "treeBaseTime": 0,
              "type": null,
              "updateQueue": null,
            },
            "effectTag": 0,
            "expirationTime": 0,
            "firstEffect": null,
            "index": 0,
            "key": null,
            "lastEffect": null,
            "memoizedProps": Object {
              "children": Array [
                " Please upload details here :",
                <input
                  onChange={[Function]}
                  style={
                                    Object {
                                                      "padding": "10px",
                                                    }
                  }
                  type="file"
/>,
                false,
              ],
            },
            "memoizedState": null,
            "mode": 0,
            "nextEffect": null,
            "pendingProps": Object {
              "children": Array [
                " Please upload details here :",
                <input
                  onChange={[Function]}
                  style={
                                    Object {
                                                      "padding": "10px",
                                                    }
                  }
                  type="file"
/>,
                false,
              ],
            },
            "ref": null,
            "return": [Circular],
            "selfBaseTime": 0,
            "sibling": null,
            "stateNode": <div>
              Please upload details here :
              <input
                            type="file"
                            style="padding: 10px;"
              />
</div>,
            "tag": 5,
            "treeBaseTime": 0,
            "type": "div",
            "updateQueue": null,
          },
          "effectTag": 1,
          "expirationTime": 0,
          "firstEffect": null,
          "index": 0,
          "key": null,
          "lastEffect": null,
          "memoizedProps": Object {},
          "memoizedState": Object {
            "cols": null,
            "empName": "",
            "rows": null,
            "showTable": false,
          },
          "mode": 0,
          "nextEffect": null,
          "pendingProps": Object {},
          "ref": null,
          "return": FiberNode {
            "_debugID": 53,
            "_debugIsCurrentlyTiming": false,
            "_debugOwner": null,
            "_debugSource": null,
            "alternate": null,
            "child": [Circular],
            "effectTag": 1,
            "expirationTime": 0,
            "firstEffect": null,
            "index": 0,
            "key": null,
            "lastEffect": null,
            "memoizedProps": Object {
              "Component": [Function],
              "context": null,
              "props": Object {},
              "wrappingComponentProps": null,
            },
            "memoizedState": Object {
              "context": null,
              "mount": true,
              "props": Object {},
              "wrappingComponentProps": null,
            },
            "mode": 0,
            "nextEffect": null,
            "pendingProps": Object {
              "Component": [Function],
              "context": null,
              "props": Object {},
              "wrappingComponentProps": null,
            },
            "ref": null,
            "return": FiberNode {
              "_debugID": 51,
              "_debugIsCurrentlyTiming": false,
              "_debugOwner": null,
              "_debugSource": null,
              "alternate": FiberNode {
                "_debugID": 51,
                "_debugIsCurrentlyTiming": false,
                "_debugOwner": null,
                "_debugSource": null,
                "alternate": [Circular],
                "child": null,
                "effectTag": 0,
                "expirationTime": 1,
                "firstEffect": null,
                "index": 0,
                "key": null,
                "lastEffect": null,
                "memoizedProps": null,
                "memoizedState": null,
                "mode": 0,
                "nextEffect": null,
                "pendingProps": null,
                "ref": null,
                "return": null,
                "selfBaseTime": 0,
                "sibling": null,
                "stateNode": Object {
                  "containerInfo": <div>
                    <div>
                                        Please upload details here :
                                        <input
                                                            type="file"
                                                            style="padding: 10px;"
                                        />
                    </div>
</div>,
                  "context": Object {},
                  "current": [Circular],
                  "earliestPendingTime": 0,
                  "earliestSuspendedTime": 0,
                  "finishedWork": null,
                  "firstBatch": null,
                  "hydrate": false,
                  "latestPendingTime": 0,
                  "latestPingedTime": 0,
                  "latestSuspendedTime": 0,
                  "nextScheduledRoot": null,
                  "pendingChildren": null,
                  "pendingCommitExpirationTime": 0,
                  "pendingContext": null,
                  "remainingExpirationTime": 0,
                },
                "tag": 3,
                "treeBaseTime": 0,
                "type": null,
                "updateQueue": Object {
                  "baseState": null,
                  "expirationTime": 1,
                  "firstCapturedEffect": null,
                  "firstCapturedUpdate": null,
                  "firstEffect": null,
                  "firstUpdate": Object {
                    "callback": null,
                    "expirationTime": 1,
                    "next": null,
                    "nextEffect": null,
                    "payload": Object {
                      "element": <WrapperComponent
                        Component={[Function]}
                        context={null}
                        props={Object {}}
                        wrappingComponentProps={null}
/>,
                    },
                    "tag": 0,
                  },
                  "lastCapturedEffect": null,
                  "lastCapturedUpdate": null,
                  "lastEffect": null,
                  "lastUpdate": Object {
                    "callback": null,
                    "expirationTime": 1,
                    "next": null,
                    "nextEffect": null,
                    "payload": Object {
                      "element": <WrapperComponent
                        Component={[Function]}
                        context={null}
                        props={Object {}}
                        wrappingComponentProps={null}
/>,
                    },
                    "tag": 0,
                  },
                },
              },
              "child": [Circular],
              "effectTag": 32,
              "expirationTime": 0,
              "firstEffect": [Circular],
              "index": 0,
              "key": null,
              "lastEffect": [Circular],
              "memoizedProps": null,
              "memoizedState": Object {
                "element": <WrapperComponent
                  Component={[Function]}
                  context={null}
                  props={Object {}}
                  wrappingComponentProps={null}
/>,
              },
              "mode": 0,
              "nextEffect": null,
              "pendingProps": null,
              "ref": null,
              "return": null,
              "selfBaseTime": 0,
              "sibling": null,
              "stateNode": Object {
                "containerInfo": <div>
                  <div>
                                    Please upload details here :
                                    <input
                                                      type="file"
                                                      style="padding: 10px;"
                                    />
                  </div>
</div>,
                "context": Object {},
                "current": [Circular],
                "earliestPendingTime": 0,
                "earliestSuspendedTime": 0,
                "finishedWork": null,
                "firstBatch": null,
                "hydrate": false,
                "latestPendingTime": 0,
                "latestPingedTime": 0,
                "latestSuspendedTime": 0,
                "nextScheduledRoot": null,
                "pendingChildren": null,
                "pendingCommitExpirationTime": 0,
                "pendingContext": null,
                "remainingExpirationTime": 0,
              },
              "tag": 3,
              "treeBaseTime": 0,
              "type": null,
              "updateQueue": Object {
                "baseState": Object {
                  "element": <WrapperComponent
                    Component={[Function]}
                    context={null}
                    props={Object {}}
                    wrappingComponentProps={null}
/>,
                },
                "expirationTime": 0,
                "firstCapturedEffect": null,
                "firstCapturedUpdate": null,
                "firstEffect": null,
                "firstUpdate": null,
                "lastCapturedEffect": null,
                "lastCapturedUpdate": null,
                "lastEffect": null,
                "lastUpdate": null,
              },
            },
            "selfBaseTime": 0,
            "sibling": null,
            "stateNode": WrapperComponent {
              "_reactInternalFiber": [Circular],
              "_reactInternalInstance": Object {},
              "context": Object {},
              "props": Object {
                "Component": [Function],
                "context": null,
                "props": Object {},
                "wrappingComponentProps": null,
              },
              "refs": Object {},
              "rootFinderInstance": null,
              "state": Object {
                "context": null,
                "mount": true,
                "props": Object {},
                "wrappingComponentProps": null,
              },
              "updater": Object {
                "enqueueForceUpdate": [Function],
                "enqueueReplaceState": [Function],
                "enqueueSetState": [Function],
                "isMounted": [Function],
              },
            },
            "tag": 2,
            "treeBaseTime": 0,
            "type": [Function],
            "updateQueue": null,
          },
          "selfBaseTime": 0,
          "sibling": null,
          "stateNode": [Circular],
          "tag": 2,
          "treeBaseTime": 0,
          "type": [Function],
          "updateQueue": null,
        },
        "_reactInternalInstance": Object {},
        "context": Object {},
        "fileHandler": [Function],
        "getEmpData": [Function],
        "props": Object {},
        "refs": Object {},
        "sortBy": [Function],
        "state": Object {
          "cols": null,
          "empName": "",
          "rows": null,
          "showTable": false,
        },
        "updater": Object {
          "enqueueForceUpdate": [Function],
          "enqueueReplaceState": [Function],
          "enqueueSetState": [Function],
          "isMounted": [Function],
        },
      },
      "key": undefined,
      "nodeType": "class",
      "props": Object {},
      "ref": null,
      "rendered": Object {
        "instance": <div>
          Please upload details here :
          <input
                    type="file"
                    style="padding: 10px;"
          />
</div>,
        "key": undefined,
        "nodeType": "host",
        "props": Object {
          "children": Array [
            " Please upload details here :",
            <input
              onChange={[Function]}
              style={
                            Object {
                                          "padding": "10px",
                                        }
              }
              type="file"
/>,
            false,
          ],
        },
        "ref": null,
        "rendered": Array [
          " Please upload details here :",
          Object {
            "instance": <input
              type="file"
              style="padding: 10px;"
/>,
            "key": undefined,
            "nodeType": "host",
            "props": Object {
              "onChange": [Function],
              "style": Object {
                "padding": "10px",
              },
              "type": "file",
            },
            "ref": null,
            "rendered": Array [
              undefined,
            ],
            "type": "input",
          },
        ],
        "type": "div",
      },
      "type": [Function],
    },
  ],
  Symbol(enzyme.__options__): Object {
    "adapter": ReactSixteenAdapter {
      "options": Object {
        "enableComponentDidUpdateOnSetState": true,
        "legacyContextMode": "parent",
        "lifecycles": Object {
          "componentDidUpdate": Object {
            "onSetState": true,
          },
          "getChildContext": Object {
            "calledByRenderer": false,
          },
          "getDerivedStateFromError": false,
          "getDerivedStateFromProps": Object {
            "hasShouldComponentUpdateBug": false,
          },
          "getSnapshotBeforeUpdate": true,
          "setState": Object {
            "skipsComponentDidUpdateOnNullish": true,
          },
        },
      },
    },
  },
}
`;
